{
"list_components_csv": "Name,Version,Supplier\nAcme_Application,9.1.1,Company Legal\nsome_name,T4.0.1.30,somecompany SE & Co.KG\ncard-verifier,1.0.2,Acme, Inc.\ntomcat-catalina,9.0.14,Acme, Inc.\ncommon-util,3.0.0,Acme, Inc.\nutil,2.0.0,Example, Inc.\npersistence,3.1.0,Acme, Inc.\nComponent index 1,1.0.0,Acme, Inc.\nweb-framework,1.0.0,Acme, Inc.\nsub_web-framework,1.0.0,Acme, Inc.\nlicense and copyright less component",
"list_licenses_csv": "Name,Copyright,Licenses\nAcme_Application,Company Legal 2022, all rights reserved\nsome_name,Company Legal 2022, all rights reserved,Apache-2.0\ncard-verifier,EPL-2.0 OR GPL-2.0 WITH Classpath-exception-2.0,A licenses name of card verifier\ntomcat-catalina,Copyright tomcat-catalina,Apache-1.0,Apache-2.0\ncommon-util,BSD-3-Clause\nutil,Example, Inc. Commercial License,Apache-1.0\npersistence,Apache-2.0\nComponent index 1,(CDDL-1.0 OR GPL-2.0-with-classpath-exception)\nweb-framework,Apache-1.0\nsub_web-framework,Apache-1.0,Apache-2.0,Apache-3.0\nlicense and copyright less component",
"list_components_txt": "Acme_Application\n9.1.1\nCompany Legal\n\nThis product includes material developed by third parties:\n\nsome_name\nT4.0.1.30\nsomecompany SE & Co.KG\n\ncard-verifier\n1.0.2\nAcme, Inc.\n\ntomcat-catalina\n9.0.14\nAcme, Inc.\n\ncommon-util\n3.0.0\nAcme, Inc.\n\nutil\n2.0.0\nExample, Inc.\n\npersistence\n3.1.0\nAcme, Inc.\n\nComponent index 1\n1.0.0\nAcme, Inc.\n\nweb-framework\n1.0.0\nAcme, Inc.\n\nsub_web-framework\n1.0.0\nAcme, Inc.\n\nlicense and copyright less component",
"list_licenses_txt": "Acme_Application:\nCompany Legal 2022, all rights reserved\n\nThis product includes material developed by third parties:\n\nsome_name:\nCompany Legal 2022, all rights reserved\nApache-2.0\n\ncard-verifier:\nEPL-2.0 OR GPL-2.0 WITH Classpath-exception-2.0\nA licenses name of card verifier\n\ntomcat-catalina:\nCopyright tomcat-catalina\nApache-1.0\nApache-2.0\n\ncommon-util:\nBSD-3-Clause\n\nutil:\nExample, Inc. Commercial License\nApache-1.0\n\npersistence:\nApache-2.0\n\nComponent index 1:\n(CDDL-1.0 OR GPL-2.0-with-classpath-exception)\n\nweb-framework:\nApache-1.0\n\nsub_web-framework:\nApache-1.0\nApache-2.0\nApache-3.0\n\nlicense and copyright less component:\nNo license or copyright information available.\n\n"
}